2026-06-19 03:54:33,996 - services.data_processor - WARNING - Error parsing generation record: could not convert string to float: 'invalid'
2026-06-19 03:54:33,998 - services.eia_service - INFO - Successfully fetched generation data for 2024-01-01
2026-06-19 03:54:34,000 - services.eia_service - ERROR - Error fetching generation data: Connection failed
2026-06-19 03:54:34,001 - sqlalchemy.engine.Engine - INFO - BEGIN (implicit)
2026-06-19 03:54:34,002 - sqlalchemy.engine.Engine - INFO - PRAGMA main.table_info("generation_data")
2026-06-19 03:54:34,002 - sqlalchemy.engine.Engine - INFO - [raw sql] ()
2026-06-19 03:54:34,002 - sqlalchemy.engine.Engine - INFO - PRAGMA temp.table_info("generation_data")
2026-06-19 03:54:34,002 - sqlalchemy.engine.Engine - INFO - [raw sql] ()
2026-06-19 03:54:34,002 - sqlalchemy.engine.Engine - INFO - PRAGMA main.table_info("pricing_data")
2026-06-19 03:54:34,002 - sqlalchemy.engine.Engine - INFO - [raw sql] ()
2026-06-19 03:54:34,003 - sqlalchemy.engine.Engine - INFO - PRAGMA temp.table_info("pricing_data")
2026-06-19 03:54:34,003 - sqlalchemy.engine.Engine - INFO - [raw sql] ()
2026-06-19 03:54:34,003 - sqlalchemy.engine.Engine - INFO - PRAGMA main.table_info("renewable_data")
2026-06-19 03:54:34,003 - sqlalchemy.engine.Engine - INFO - [raw sql] ()
2026-06-19 03:54:34,003 - sqlalchemy.engine.Engine - INFO - PRAGMA temp.table_info("renewable_data")
2026-06-19 03:54:34,003 - sqlalchemy.engine.Engine - INFO - [raw sql] ()
2026-06-19 03:54:34,004 - sqlalchemy.engine.Engine - INFO - 
CREATE TABLE generation_data (
	id INTEGER NOT NULL, 
	date DATE NOT NULL, 
	region VARCHAR NOT NULL, 
	solar_capacity_mw FLOAT, 
	wind_capacity_mw FLOAT, 
	hydro_capacity_mw FLOAT, 
	fossil_capacity_mw FLOAT, 
	nuclear_capacity_mw FLOAT, 
	total_capacity_mw FLOAT, 
	created_at DATETIME, 
	updated_at DATETIME, 
	PRIMARY KEY (id)
)


2026-06-19 03:54:34,004 - sqlalchemy.engine.Engine - INFO - [no key 0.00013s] ()
2026-06-19 03:54:34,010 - sqlalchemy.engine.Engine - INFO - CREATE INDEX ix_generation_data_id ON generation_data (id)
2026-06-19 03:54:34,010 - sqlalchemy.engine.Engine - INFO - [no key 0.00020s] ()
2026-06-19 03:54:34,013 - sqlalchemy.engine.Engine - INFO - CREATE INDEX ix_generation_data_date ON generation_data (date)
2026-06-19 03:54:34,013 - sqlalchemy.engine.Engine - INFO - [no key 0.00013s] ()
2026-06-19 03:54:34,017 - sqlalchemy.engine.Engine - INFO - CREATE INDEX ix_generation_data_region ON generation_data (region)
2026-06-19 03:54:34,017 - sqlalchemy.engine.Engine - INFO - [no key 0.00013s] ()
2026-06-19 03:54:34,021 - sqlalchemy.engine.Engine - INFO - 
CREATE TABLE pricing_data (
	id INTEGER NOT NULL, 
	date DATE NOT NULL, 
	region VARCHAR NOT NULL, 
	price_per_mwh FLOAT NOT NULL, 
	created_at DATETIME, 
	updated_at DATETIME, 
	PRIMARY KEY (id)
)


2026-06-19 03:54:34,021 - sqlalchemy.engine.Engine - INFO - [no key 0.00013s] ()
2026-06-19 03:54:34,025 - sqlalchemy.engine.Engine - INFO - CREATE INDEX ix_pricing_data_date ON pricing_data (date)
2026-06-19 03:54:34,025 - sqlalchemy.engine.Engine - INFO - [no key 0.00012s] ()
2026-06-19 03:54:34,029 - sqlalchemy.engine.Engine - INFO - CREATE INDEX ix_pricing_data_id ON pricing_data (id)
2026-06-19 03:54:34,029 - sqlalchemy.engine.Engine - INFO - [no key 0.00013s] ()
2026-06-19 03:54:34,033 - sqlalchemy.engine.Engine - INFO - CREATE INDEX ix_pricing_data_region ON pricing_data (region)
2026-06-19 03:54:34,033 - sqlalchemy.engine.Engine - INFO - [no key 0.00016s] ()
2026-06-19 03:54:34,037 - sqlalchemy.engine.Engine - INFO - 
CREATE TABLE renewable_data (
	id INTEGER NOT NULL, 
	date DATE NOT NULL, 
	region VARCHAR NOT NULL, 
	renewable_percentage FLOAT NOT NULL, 
	renewable_capacity_mw FLOAT, 
	total_capacity_mw FLOAT, 
	created_at DATETIME, 
	updated_at DATETIME, 
	PRIMARY KEY (id)
)


2026-06-19 03:54:34,037 - sqlalchemy.engine.Engine - INFO - [no key 0.00014s] ()
2026-06-19 03:54:34,041 - sqlalchemy.engine.Engine - INFO - CREATE INDEX ix_renewable_data_date ON renewable_data (date)
2026-06-19 03:54:34,041 - sqlalchemy.engine.Engine - INFO - [no key 0.00013s] ()
2026-06-19 03:54:34,045 - sqlalchemy.engine.Engine - INFO - CREATE INDEX ix_renewable_data_region ON renewable_data (region)
2026-06-19 03:54:34,045 - sqlalchemy.engine.Engine - INFO - [no key 0.00012s] ()
2026-06-19 03:54:34,048 - sqlalchemy.engine.Engine - INFO - CREATE INDEX ix_renewable_data_id ON renewable_data (id)
2026-06-19 03:54:34,048 - sqlalchemy.engine.Engine - INFO - [no key 0.00012s] ()
2026-06-19 03:54:34,052 - sqlalchemy.engine.Engine - INFO - COMMIT
2026-06-19 03:54:34,088 - httpx - INFO - HTTP Request: GET http://testserver/api/health "HTTP/1.1 200 OK"
2026-06-19 03:54:34,089 - sqlalchemy.engine.Engine - INFO - BEGIN (implicit)
2026-06-19 03:54:34,089 - sqlalchemy.engine.Engine - INFO - PRAGMA main.table_info("generation_data")
2026-06-19 03:54:34,089 - sqlalchemy.engine.Engine - INFO - [raw sql] ()
2026-06-19 03:54:34,089 - sqlalchemy.engine.Engine - INFO - PRAGMA main.table_info("pricing_data")
2026-06-19 03:54:34,089 - sqlalchemy.engine.Engine - INFO - [raw sql] ()
2026-06-19 03:54:34,090 - sqlalchemy.engine.Engine - INFO - PRAGMA main.table_info("renewable_data")
2026-06-19 03:54:34,090 - sqlalchemy.engine.Engine - INFO - [raw sql] ()
2026-06-19 03:54:34,090 - sqlalchemy.engine.Engine - INFO - 
DROP TABLE renewable_data
2026-06-19 03:54:34,090 - sqlalchemy.engine.Engine - INFO - [no key 0.00015s] ()
2026-06-19 03:54:34,095 - sqlalchemy.engine.Engine - INFO - 
DROP TABLE pricing_data
2026-06-19 03:54:34,095 - sqlalchemy.engine.Engine - INFO - [no key 0.00014s] ()
2026-06-19 03:54:34,098 - sqlalchemy.engine.Engine - INFO - 
DROP TABLE generation_data
2026-06-19 03:54:34,098 - sqlalchemy.engine.Engine - INFO - [no key 0.00013s] ()
2026-06-19 03:54:34,101 - sqlalchemy.engine.Engine - INFO - COMMIT
2026-06-19 03:54:34,102 - sqlalchemy.engine.Engine - INFO - BEGIN (implicit)
2026-06-19 03:54:34,102 - sqlalchemy.engine.Engine - INFO - PRAGMA main.table_info("generation_data")
2026-06-19 03:54:34,102 - sqlalchemy.engine.Engine - INFO - [raw sql] ()
2026-06-19 03:54:34,103 - sqlalchemy.engine.Engine - INFO - PRAGMA temp.table_info("generation_data")
2026-06-19 03:54:34,103 - sqlalchemy.engine.Engine - INFO - [raw sql] ()
2026-06-19 03:54:34,103 - sqlalchemy.engine.Engine - INFO - PRAGMA main.table_info("pricing_data")
2026-06-19 03:54:34,103 - sqlalchemy.engine.Engine - INFO - [raw sql] ()
2026-06-19 03:54:34,103 - sqlalchemy.engine.Engine - INFO - PRAGMA temp.table_info("pricing_data")
2026-06-19 03:54:34,103 - sqlalchemy.engine.Engine - INFO - [raw sql] ()
2026-06-19 03:54:34,103 - sqlalchemy.engine.Engine - INFO - PRAGMA main.table_info("renewable_data")
2026-06-19 03:54:34,103 - sqlalchemy.engine.Engine - INFO - [raw sql] ()
2026-06-19 03:54:34,103 - sqlalchemy.engine.Engine - INFO - PRAGMA temp.table_info("renewable_data")
2026-06-19 03:54:34,104 - sqlalchemy.engine.Engine - INFO - [raw sql] ()
2026-06-19 03:54:34,104 - sqlalchemy.engine.Engine - INFO - 
CREATE TABLE generation_data (
	id INTEGER NOT NULL, 
	date DATE NOT NULL, 
	region VARCHAR NOT NULL, 
	solar_capacity_mw FLOAT, 
	wind_capacity_mw FLOAT, 
	hydro_capacity_mw FLOAT, 
	fossil_capacity_mw FLOAT, 
	nuclear_capacity_mw FLOAT, 
	total_capacity_mw FLOAT, 
	created_at DATETIME, 
	updated_at DATETIME, 
	PRIMARY KEY (id)
)


2026-06-19 03:54:34,104 - sqlalchemy.engine.Engine - INFO - [no key 0.00011s] ()
2026-06-19 03:54:34,107 - sqlalchemy.engine.Engine - INFO - CREATE INDEX ix_generation_data_id ON generation_data (id)
2026-06-19 03:54:34,107 - sqlalchemy.engine.Engine - INFO - [no key 0.00014s] ()
2026-06-19 03:54:34,110 - sqlalchemy.engine.Engine - INFO - CREATE INDEX ix_generation_data_date ON generation_data (date)
2026-06-19 03:54:34,110 - sqlalchemy.engine.Engine - INFO - [no key 0.00012s] ()
2026-06-19 03:54:34,113 - sqlalchemy.engine.Engine - INFO - CREATE INDEX ix_generation_data_region ON generation_data (region)
2026-06-19 03:54:34,113 - sqlalchemy.engine.Engine - INFO - [no key 0.00012s] ()
2026-06-19 03:54:34,116 - sqlalchemy.engine.Engine - INFO - 
CREATE TABLE pricing_data (
	id INTEGER NOT NULL, 
	date DATE NOT NULL, 
	region VARCHAR NOT NULL, 
	price_per_mwh FLOAT NOT NULL, 
	created_at DATETIME, 
	updated_at DATETIME, 
	PRIMARY KEY (id)
)


2026-06-19 03:54:34,116 - sqlalchemy.engine.Engine - INFO - [no key 0.00019s] ()
2026-06-19 03:54:34,119 - sqlalchemy.engine.Engine - INFO - CREATE INDEX ix_pricing_data_date ON pricing_data (date)
2026-06-19 03:54:34,119 - sqlalchemy.engine.Engine - INFO - [no key 0.00012s] ()
2026-06-19 03:54:34,122 - sqlalchemy.engine.Engine - INFO - CREATE INDEX ix_pricing_data_id ON pricing_data (id)
2026-06-19 03:54:34,122 - sqlalchemy.engine.Engine - INFO - [no key 0.00012s] ()
2026-06-19 03:54:34,125 - sqlalchemy.engine.Engine - INFO - CREATE INDEX ix_pricing_data_region ON pricing_data (region)
2026-06-19 03:54:34,125 - sqlalchemy.engine.Engine - INFO - [no key 0.00017s] ()
2026-06-19 03:54:34,127 - sqlalchemy.engine.Engine - INFO - 
CREATE TABLE renewable_data (
	id INTEGER NOT NULL, 
	date DATE NOT NULL, 
	region VARCHAR NOT NULL, 
	renewable_percentage FLOAT NOT NULL, 
	renewable_capacity_mw FLOAT, 
	total_capacity_mw FLOAT, 
	created_at DATETIME, 
	updated_at DATETIME, 
	PRIMARY KEY (id)
)


2026-06-19 03:54:34,128 - sqlalchemy.engine.Engine - INFO - [no key 0.00013s] ()
2026-06-19 03:54:34,130 - sqlalchemy.engine.Engine - INFO - CREATE INDEX ix_renewable_data_date ON renewable_data (date)
2026-06-19 03:54:34,130 - sqlalchemy.engine.Engine - INFO - [no key 0.00014s] ()
2026-06-19 03:54:34,133 - sqlalchemy.engine.Engine - INFO - CREATE INDEX ix_renewable_data_region ON renewable_data (region)
2026-06-19 03:54:34,133 - sqlalchemy.engine.Engine - INFO - [no key 0.00013s] ()
2026-06-19 03:54:34,136 - sqlalchemy.engine.Engine - INFO - CREATE INDEX ix_renewable_data_id ON renewable_data (id)
2026-06-19 03:54:34,136 - sqlalchemy.engine.Engine - INFO - [no key 0.00012s] ()
2026-06-19 03:54:34,139 - sqlalchemy.engine.Engine - INFO - COMMIT
2026-06-19 03:54:34,143 - sqlalchemy.engine.Engine - INFO - BEGIN (implicit)
2026-06-19 03:54:34,145 - sqlalchemy.engine.Engine - INFO - SELECT generation_data.id AS generation_data_id, generation_data.date AS generation_data_date, generation_data.region AS generation_data_region, generation_data.solar_capacity_mw AS generation_data_solar_capacity_mw, generation_data.wind_capacity_mw AS generation_data_wind_capacity_mw, generation_data.hydro_capacity_mw AS generation_data_hydro_capacity_mw, generation_data.fossil_capacity_mw AS generation_data_fossil_capacity_mw, generation_data.nuclear_capacity_mw AS generation_data_nuclear_capacity_mw, generation_data.total_capacity_mw AS generation_data_total_capacity_mw, generation_data.created_at AS generation_data_created_at, generation_data.updated_at AS generation_data_updated_at 
FROM generation_data 
WHERE generation_data.date >= ? ORDER BY generation_data.date DESC
2026-06-19 03:54:34,146 - sqlalchemy.engine.Engine - INFO - [generated in 0.00022s] ('2026-06-18',)
2026-06-19 03:54:34,146 - sqlalchemy.engine.Engine - INFO - ROLLBACK
2026-06-19 03:54:34,148 - httpx - INFO - HTTP Request: GET http://testserver/api/generation?days=1 "HTTP/1.1 404 Not Found"
2026-06-19 03:54:34,149 - sqlalchemy.engine.Engine - INFO - BEGIN (implicit)
2026-06-19 03:54:34,149 - sqlalchemy.engine.Engine - INFO - PRAGMA main.table_info("generation_data")
2026-06-19 03:54:34,149 - sqlalchemy.engine.Engine - INFO - [raw sql] ()
2026-06-19 03:54:34,149 - sqlalchemy.engine.Engine - INFO - PRAGMA main.table_info("pricing_data")
2026-06-19 03:54:34,149 - sqlalchemy.engine.Engine - INFO - [raw sql] ()
2026-06-19 03:54:34,150 - sqlalchemy.engine.Engine - INFO - PRAGMA main.table_info("renewable_data")
2026-06-19 03:54:34,150 - sqlalchemy.engine.Engine - INFO - [raw sql] ()
2026-06-19 03:54:34,150 - sqlalchemy.engine.Engine - INFO - 
DROP TABLE renewable_data
2026-06-19 03:54:34,150 - sqlalchemy.engine.Engine - INFO - [no key 0.00009s] ()
2026-06-19 03:54:34,153 - sqlalchemy.engine.Engine - INFO - 
DROP TABLE pricing_data
2026-06-19 03:54:34,154 - sqlalchemy.engine.Engine - INFO - [no key 0.00012s] ()
2026-06-19 03:54:34,156 - sqlalchemy.engine.Engine - INFO - 
DROP TABLE generation_data
2026-06-19 03:54:34,156 - sqlalchemy.engine.Engine - INFO - [no key 0.00012s] ()
2026-06-19 03:54:34,159 - sqlalchemy.engine.Engine - INFO - COMMIT
2026-06-19 03:54:34,160 - sqlalchemy.engine.Engine - INFO - BEGIN (implicit)
2026-06-19 03:54:34,160 - sqlalchemy.engine.Engine - INFO - PRAGMA main.table_info("generation_data")
2026-06-19 03:54:34,160 - sqlalchemy.engine.Engine - INFO - [raw sql] ()
2026-06-19 03:54:34,160 - sqlalchemy.engine.Engine - INFO - PRAGMA temp.table_info("generation_data")
2026-06-19 03:54:34,161 - sqlalchemy.engine.Engine - INFO - [raw sql] ()
2026-06-19 03:54:34,161 - sqlalchemy.engine.Engine - INFO - PRAGMA main.table_info("pricing_data")
2026-06-19 03:54:34,161 - sqlalchemy.engine.Engine - INFO - [raw sql] ()
2026-06-19 03:54:34,161 - sqlalchemy.engine.Engine - INFO - PRAGMA temp.table_info("pricing_data")
2026-06-19 03:54:34,161 - sqlalchemy.engine.Engine - INFO - [raw sql] ()
2026-06-19 03:54:34,161 - sqlalchemy.engine.Engine - INFO - PRAGMA main.table_info("renewable_data")
2026-06-19 03:54:34,161 - sqlalchemy.engine.Engine - INFO - [raw sql] ()
2026-06-19 03:54:34,161 - sqlalchemy.engine.Engine - INFO - PRAGMA temp.table_info("renewable_data")
2026-06-19 03:54:34,161 - sqlalchemy.engine.Engine - INFO - [raw sql] ()
2026-06-19 03:54:34,162 - sqlalchemy.engine.Engine - INFO - 
CREATE TABLE generation_data (
	id INTEGER NOT NULL, 
	date DATE NOT NULL, 
	region VARCHAR NOT NULL, 
	solar_capacity_mw FLOAT, 
	wind_capacity_mw FLOAT, 
	hydro_capacity_mw FLOAT, 
	fossil_capacity_mw FLOAT, 
	nuclear_capacity_mw FLOAT, 
	total_capacity_mw FLOAT, 
	created_at DATETIME, 
	updated_at DATETIME, 
	PRIMARY KEY (id)
)


2026-06-19 03:54:34,162 - sqlalchemy.engine.Engine - INFO - [no key 0.00015s] ()
2026-06-19 03:54:34,165 - sqlalchemy.engine.Engine - INFO - CREATE INDEX ix_generation_data_id ON generation_data (id)
2026-06-19 03:54:34,165 - sqlalchemy.engine.Engine - INFO - [no key 0.00017s] ()
2026-06-19 03:54:34,168 - sqlalchemy.engine.Engine - INFO - CREATE INDEX ix_generation_data_date ON generation_data (date)
2026-06-19 03:54:34,168 - sqlalchemy.engine.Engine - INFO - [no key 0.00018s] ()
2026-06-19 03:54:34,171 - sqlalchemy.engine.Engine - INFO - CREATE INDEX ix_generation_data_region ON generation_data (region)
2026-06-19 03:54:34,171 - sqlalchemy.engine.Engine - INFO - [no key 0.00012s] ()
2026-06-19 03:54:34,174 - sqlalchemy.engine.Engine - INFO - 
CREATE TABLE pricing_data (
	id INTEGER NOT NULL, 
	date DATE NOT NULL, 
	region VARCHAR NOT NULL, 
	price_per_mwh FLOAT NOT NULL, 
	created_at DATETIME, 
	updated_at DATETIME, 
	PRIMARY KEY (id)
)


2026-06-19 03:54:34,174 - sqlalchemy.engine.Engine - INFO - [no key 0.00012s] ()
2026-06-19 03:54:34,177 - sqlalchemy.engine.Engine - INFO - CREATE INDEX ix_pricing_data_date ON pricing_data (date)
2026-06-19 03:54:34,177 - sqlalchemy.engine.Engine - INFO - [no key 0.00012s] ()
2026-06-19 03:54:34,180 - sqlalchemy.engine.Engine - INFO - CREATE INDEX ix_pricing_data_id ON pricing_data (id)
2026-06-19 03:54:34,180 - sqlalchemy.engine.Engine - INFO - [no key 0.00012s] ()
2026-06-19 03:54:34,183 - sqlalchemy.engine.Engine - INFO - CREATE INDEX ix_pricing_data_region ON pricing_data (region)
2026-06-19 03:54:34,183 - sqlalchemy.engine.Engine - INFO - [no key 0.00015s] ()
2026-06-19 03:54:34,186 - sqlalchemy.engine.Engine - INFO - 
CREATE TABLE renewable_data (
	id INTEGER NOT NULL, 
	date DATE NOT NULL, 
	region VARCHAR NOT NULL, 
	renewable_percentage FLOAT NOT NULL, 
	renewable_capacity_mw FLOAT, 
	total_capacity_mw FLOAT, 
	created_at DATETIME, 
	updated_at DATETIME, 
	PRIMARY KEY (id)
)


2026-06-19 03:54:34,187 - sqlalchemy.engine.Engine - INFO - [no key 0.00018s] ()
2026-06-19 03:54:34,190 - sqlalchemy.engine.Engine - INFO - CREATE INDEX ix_renewable_data_date ON renewable_data (date)
2026-06-19 03:54:34,190 - sqlalchemy.engine.Engine - INFO - [no key 0.00017s] ()
2026-06-19 03:54:34,193 - sqlalchemy.engine.Engine - INFO - CREATE INDEX ix_renewable_data_region ON renewable_data (region)
2026-06-19 03:54:34,193 - sqlalchemy.engine.Engine - INFO - [no key 0.00016s] ()
2026-06-19 03:54:34,196 - sqlalchemy.engine.Engine - INFO - CREATE INDEX ix_renewable_data_id ON renewable_data (id)
2026-06-19 03:54:34,196 - sqlalchemy.engine.Engine - INFO - [no key 0.00017s] ()
2026-06-19 03:54:34,199 - sqlalchemy.engine.Engine - INFO - COMMIT
2026-06-19 03:54:34,203 - httpx - INFO - HTTP Request: GET http://testserver/api/generation/2024-13-45 "HTTP/1.1 400 Bad Request"
2026-06-19 03:54:34,204 - sqlalchemy.engine.Engine - INFO - BEGIN (implicit)
2026-06-19 03:54:34,204 - sqlalchemy.engine.Engine - INFO - PRAGMA main.table_info("generation_data")
2026-06-19 03:54:34,204 - sqlalchemy.engine.Engine - INFO - [raw sql] ()
2026-06-19 03:54:34,204 - sqlalchemy.engine.Engine - INFO - PRAGMA main.table_info("pricing_data")
2026-06-19 03:54:34,204 - sqlalchemy.engine.Engine - INFO - [raw sql] ()
2026-06-19 03:54:34,204 - sqlalchemy.engine.Engine - INFO - PRAGMA main.table_info("renewable_data")
2026-06-19 03:54:34,204 - sqlalchemy.engine.Engine - INFO - [raw sql] ()
2026-06-19 03:54:34,205 - sqlalchemy.engine.Engine - INFO - 
DROP TABLE renewable_data
2026-06-19 03:54:34,205 - sqlalchemy.engine.Engine - INFO - [no key 0.00010s] ()
2026-06-19 03:54:34,208 - sqlalchemy.engine.Engine - INFO - 
DROP TABLE pricing_data
2026-06-19 03:54:34,208 - sqlalchemy.engine.Engine - INFO - [no key 0.00011s] ()
2026-06-19 03:54:34,211 - sqlalchemy.engine.Engine - INFO - 
DROP TABLE generation_data
2026-06-19 03:54:34,211 - sqlalchemy.engine.Engine - INFO - [no key 0.00013s] ()
2026-06-19 03:54:34,214 - sqlalchemy.engine.Engine - INFO - COMMIT
2026-06-19 03:54:34,215 - sqlalchemy.engine.Engine - INFO - BEGIN (implicit)
2026-06-19 03:54:34,215 - sqlalchemy.engine.Engine - INFO - PRAGMA main.table_info("generation_data")
2026-06-19 03:54:34,215 - sqlalchemy.engine.Engine - INFO - [raw sql] ()
2026-06-19 03:54:34,215 - sqlalchemy.engine.Engine - INFO - PRAGMA temp.table_info("generation_data")
2026-06-19 03:54:34,215 - sqlalchemy.engine.Engine - INFO - [raw sql] ()
2026-06-19 03:54:34,215 - sqlalchemy.engine.Engine - INFO - PRAGMA main.table_info("pricing_data")
2026-06-19 03:54:34,215 - sqlalchemy.engine.Engine - INFO - [raw sql] ()
2026-06-19 03:54:34,215 - sqlalchemy.engine.Engine - INFO - PRAGMA temp.table_info("pricing_data")
2026-06-19 03:54:34,216 - sqlalchemy.engine.Engine - INFO - [raw sql] ()
2026-06-19 03:54:34,216 - sqlalchemy.engine.Engine - INFO - PRAGMA main.table_info("renewable_data")
2026-06-19 03:54:34,216 - sqlalchemy.engine.Engine - INFO - [raw sql] ()
2026-06-19 03:54:34,216 - sqlalchemy.engine.Engine - INFO - PRAGMA temp.table_info("renewable_data")
2026-06-19 03:54:34,216 - sqlalchemy.engine.Engine - INFO - [raw sql] ()
2026-06-19 03:54:34,216 - sqlalchemy.engine.Engine - INFO - 
CREATE TABLE generation_data (
	id INTEGER NOT NULL, 
	date DATE NOT NULL, 
	region VARCHAR NOT NULL, 
	solar_capacity_mw FLOAT, 
	wind_capacity_mw FLOAT, 
	hydro_capacity_mw FLOAT, 
	fossil_capacity_mw FLOAT, 
	nuclear_capacity_mw FLOAT, 
	total_capacity_mw FLOAT, 
	created_at DATETIME, 
	updated_at DATETIME, 
	PRIMARY KEY (id)
)


2026-06-19 03:54:34,216 - sqlalchemy.engine.Engine - INFO - [no key 0.00011s] ()
2026-06-19 03:54:34,219 - sqlalchemy.engine.Engine - INFO - CREATE INDEX ix_generation_data_id ON generation_data (id)
2026-06-19 03:54:34,219 - sqlalchemy.engine.Engine - INFO - [no key 0.00016s] ()
2026-06-19 03:54:34,222 - sqlalchemy.engine.Engine - INFO - CREATE INDEX ix_generation_data_date ON generation_data (date)
2026-06-19 03:54:34,222 - sqlalchemy.engine.Engine - INFO - [no key 0.00012s] ()
2026-06-19 03:54:34,225 - sqlalchemy.engine.Engine - INFO - CREATE INDEX ix_generation_data_region ON generation_data (region)
2026-06-19 03:54:34,225 - sqlalchemy.engine.Engine - INFO - [no key 0.00012s] ()
2026-06-19 03:54:34,228 - sqlalchemy.engine.Engine - INFO - 
CREATE TABLE pricing_data (
	id INTEGER NOT NULL, 
	date DATE NOT NULL, 
	region VARCHAR NOT NULL, 
	price_per_mwh FLOAT NOT NULL, 
	created_at DATETIME, 
	updated_at DATETIME, 
	PRIMARY KEY (id)
)


2026-06-19 03:54:34,228 - sqlalchemy.engine.Engine - INFO - [no key 0.00020s] ()
2026-06-19 03:54:34,231 - sqlalchemy.engine.Engine - INFO - CREATE INDEX ix_pricing_data_date ON pricing_data (date)
2026-06-19 03:54:34,231 - sqlalchemy.engine.Engine - INFO - [no key 0.00015s] ()
2026-06-19 03:54:34,234 - sqlalchemy.engine.Engine - INFO - CREATE INDEX ix_pricing_data_id ON pricing_data (id)
2026-06-19 03:54:34,234 - sqlalchemy.engine.Engine - INFO - [no key 0.00015s] ()
2026-06-19 03:54:34,237 - sqlalchemy.engine.Engine - INFO - CREATE INDEX ix_pricing_data_region ON pricing_data (region)
2026-06-19 03:54:34,237 - sqlalchemy.engine.Engine - INFO - [no key 0.00019s] ()
2026-06-19 03:54:34,240 - sqlalchemy.engine.Engine - INFO - 
CREATE TABLE renewable_data (
	id INTEGER NOT NULL, 
	date DATE NOT NULL, 
	region VARCHAR NOT NULL, 
	renewable_percentage FLOAT NOT NULL, 
	renewable_capacity_mw FLOAT, 
	total_capacity_mw FLOAT, 
	created_at DATETIME, 
	updated_at DATETIME, 
	PRIMARY KEY (id)
)


2026-06-19 03:54:34,241 - sqlalchemy.engine.Engine - INFO - [no key 0.00012s] ()
2026-06-19 03:54:34,243 - sqlalchemy.engine.Engine - INFO - CREATE INDEX ix_renewable_data_date ON renewable_data (date)
2026-06-19 03:54:34,243 - sqlalchemy.engine.Engine - INFO - [no key 0.00012s] ()
2026-06-19 03:54:34,246 - sqlalchemy.engine.Engine - INFO - CREATE INDEX ix_renewable_data_region ON renewable_data (region)
2026-06-19 03:54:34,246 - sqlalchemy.engine.Engine - INFO - [no key 0.00015s] ()
2026-06-19 03:54:34,249 - sqlalchemy.engine.Engine - INFO - CREATE INDEX ix_renewable_data_id ON renewable_data (id)
2026-06-19 03:54:34,249 - sqlalchemy.engine.Engine - INFO - [no key 0.00015s] ()
2026-06-19 03:54:34,252 - sqlalchemy.engine.Engine - INFO - COMMIT
2026-06-19 03:54:34,256 - sqlalchemy.engine.Engine - INFO - BEGIN (implicit)
2026-06-19 03:54:34,257 - sqlalchemy.engine.Engine - INFO - SELECT pricing_data.id AS pricing_data_id, pricing_data.date AS pricing_data_date, pricing_data.region AS pricing_data_region, pricing_data.price_per_mwh AS pricing_data_price_per_mwh, pricing_data.created_at AS pricing_data_created_at, pricing_data.updated_at AS pricing_data_updated_at 
FROM pricing_data 
WHERE pricing_data.date >= ? ORDER BY pricing_data.date DESC
2026-06-19 03:54:34,257 - sqlalchemy.engine.Engine - INFO - [generated in 0.00024s] ('2026-06-18',)
2026-06-19 03:54:34,257 - sqlalchemy.engine.Engine - INFO - ROLLBACK
2026-06-19 03:54:34,259 - httpx - INFO - HTTP Request: GET http://testserver/api/pricing?days=1 "HTTP/1.1 404 Not Found"
2026-06-19 03:54:34,259 - sqlalchemy.engine.Engine - INFO - BEGIN (implicit)
2026-06-19 03:54:34,260 - sqlalchemy.engine.Engine - INFO - PRAGMA main.table_info("generation_data")
2026-06-19 03:54:34,260 - sqlalchemy.engine.Engine - INFO - [raw sql] ()
2026-06-19 03:54:34,260 - sqlalchemy.engine.Engine - INFO - PRAGMA main.table_info("pricing_data")
2026-06-19 03:54:34,260 - sqlalchemy.engine.Engine - INFO - [raw sql] ()
2026-06-19 03:54:34,261 - sqlalchemy.engine.Engine - INFO - PRAGMA main.table_info("renewable_data")
2026-06-19 03:54:34,261 - sqlalchemy.engine.Engine - INFO - [raw sql] ()
2026-06-19 03:54:34,261 - sqlalchemy.engine.Engine - INFO - 
DROP TABLE renewable_data
2026-06-19 03:54:34,261 - sqlalchemy.engine.Engine - INFO - [no key 0.00012s] ()
2026-06-19 03:54:34,265 - sqlalchemy.engine.Engine - INFO - 
DROP TABLE pricing_data
2026-06-19 03:54:34,265 - sqlalchemy.engine.Engine - INFO - [no key 0.00015s] ()
2026-06-19 03:54:34,268 - sqlalchemy.engine.Engine - INFO - 
DROP TABLE generation_data
2026-06-19 03:54:34,268 - sqlalchemy.engine.Engine - INFO - [no key 0.00016s] ()
2026-06-19 03:54:34,271 - sqlalchemy.engine.Engine - INFO - COMMIT
2026-06-19 03:54:34,271 - sqlalchemy.engine.Engine - INFO - BEGIN (implicit)
2026-06-19 03:54:34,272 - sqlalchemy.engine.Engine - INFO - PRAGMA main.table_info("generation_data")
2026-06-19 03:54:34,272 - sqlalchemy.engine.Engine - INFO - [raw sql] ()
2026-06-19 03:54:34,272 - sqlalchemy.engine.Engine - INFO - PRAGMA temp.table_info("generation_data")
2026-06-19 03:54:34,272 - sqlalchemy.engine.Engine - INFO - [raw sql] ()
2026-06-19 03:54:34,272 - sqlalchemy.engine.Engine - INFO - PRAGMA main.table_info("pricing_data")
2026-06-19 03:54:34,272 - sqlalchemy.engine.Engine - INFO - [raw sql] ()
2026-06-19 03:54:34,272 - sqlalchemy.engine.Engine - INFO - PRAGMA temp.table_info("pricing_data")
2026-06-19 03:54:34,272 - sqlalchemy.engine.Engine - INFO - [raw sql] ()
2026-06-19 03:54:34,273 - sqlalchemy.engine.Engine - INFO - PRAGMA main.table_info("renewable_data")
2026-06-19 03:54:34,273 - sqlalchemy.engine.Engine - INFO - [raw sql] ()
2026-06-19 03:54:34,273 - sqlalchemy.engine.Engine - INFO - PRAGMA temp.table_info("renewable_data")
2026-06-19 03:54:34,273 - sqlalchemy.engine.Engine - INFO - [raw sql] ()
2026-06-19 03:54:34,273 - sqlalchemy.engine.Engine - INFO - 
CREATE TABLE generation_data (
	id INTEGER NOT NULL, 
	date DATE NOT NULL, 
	region VARCHAR NOT NULL, 
	solar_capacity_mw FLOAT, 
	wind_capacity_mw FLOAT, 
	hydro_capacity_mw FLOAT, 
	fossil_capacity_mw FLOAT, 
	nuclear_capacity_mw FLOAT, 
	total_capacity_mw FLOAT, 
	created_at DATETIME, 
	updated_at DATETIME, 
	PRIMARY KEY (id)
)


2026-06-19 03:54:34,273 - sqlalchemy.engine.Engine - INFO - [no key 0.00010s] ()
2026-06-19 03:54:34,276 - sqlalchemy.engine.Engine - INFO - CREATE INDEX ix_generation_data_id ON generation_data (id)
2026-06-19 03:54:34,276 - sqlalchemy.engine.Engine - INFO - [no key 0.00012s] ()
2026-06-19 03:54:34,279 - sqlalchemy.engine.Engine - INFO - CREATE INDEX ix_generation_data_date ON generation_data (date)
2026-06-19 03:54:34,279 - sqlalchemy.engine.Engine - INFO - [no key 0.00012s] ()
2026-06-19 03:54:34,282 - sqlalchemy.engine.Engine - INFO - CREATE INDEX ix_generation_data_region ON generation_data (region)
2026-06-19 03:54:34,283 - sqlalchemy.engine.Engine - INFO - [no key 0.00012s] ()
2026-06-19 03:54:34,285 - sqlalchemy.engine.Engine - INFO - 
CREATE TABLE pricing_data (
	id INTEGER NOT NULL, 
	date DATE NOT NULL, 
	region VARCHAR NOT NULL, 
	price_per_mwh FLOAT NOT NULL, 
	created_at DATETIME, 
	updated_at DATETIME, 
	PRIMARY KEY (id)
)


2026-06-19 03:54:34,286 - sqlalchemy.engine.Engine - INFO - [no key 0.00013s] ()
2026-06-19 03:54:34,288 - sqlalchemy.engine.Engine - INFO - CREATE INDEX ix_pricing_data_date ON pricing_data (date)
2026-06-19 03:54:34,289 - sqlalchemy.engine.Engine - INFO - [no key 0.00012s] ()
2026-06-19 03:54:34,296 - sqlalchemy.engine.Engine - INFO - CREATE INDEX ix_pricing_data_id ON pricing_data (id)
2026-06-19 03:54:34,296 - sqlalchemy.engine.Engine - INFO - [no key 0.00025s] ()
2026-06-19 03:54:34,300 - sqlalchemy.engine.Engine - INFO - CREATE INDEX ix_pricing_data_region ON pricing_data (region)
2026-06-19 03:54:34,300 - sqlalchemy.engine.Engine - INFO - [no key 0.00026s] ()
2026-06-19 03:54:34,304 - sqlalchemy.engine.Engine - INFO - 
CREATE TABLE renewable_data (
	id INTEGER NOT NULL, 
	date DATE NOT NULL, 
	region VARCHAR NOT NULL, 
	renewable_percentage FLOAT NOT NULL, 
	renewable_capacity_mw FLOAT, 
	total_capacity_mw FLOAT, 
	created_at DATETIME, 
	updated_at DATETIME, 
	PRIMARY KEY (id)
)


2026-06-19 03:54:34,304 - sqlalchemy.engine.Engine - INFO - [no key 0.00020s] ()
2026-06-19 03:54:34,307 - sqlalchemy.engine.Engine - INFO - CREATE INDEX ix_renewable_data_date ON renewable_data (date)
2026-06-19 03:54:34,307 - sqlalchemy.engine.Engine - INFO - [no key 0.00015s] ()
2026-06-19 03:54:34,311 - sqlalchemy.engine.Engine - INFO - CREATE INDEX ix_renewable_data_region ON renewable_data (region)
2026-06-19 03:54:34,311 - sqlalchemy.engine.Engine - INFO - [no key 0.00020s] ()
2026-06-19 03:54:34,314 - sqlalchemy.engine.Engine - INFO - CREATE INDEX ix_renewable_data_id ON renewable_data (id)
2026-06-19 03:54:34,314 - sqlalchemy.engine.Engine - INFO - [no key 0.00018s] ()
2026-06-19 03:54:34,317 - sqlalchemy.engine.Engine - INFO - COMMIT
2026-06-19 03:54:34,322 - httpx - INFO - HTTP Request: GET http://testserver/api/pricing/invalid-date "HTTP/1.1 400 Bad Request"
2026-06-19 03:54:34,323 - sqlalchemy.engine.Engine - INFO - BEGIN (implicit)
2026-06-19 03:54:34,323 - sqlalchemy.engine.Engine - INFO - PRAGMA main.table_info("generation_data")
2026-06-19 03:54:34,323 - sqlalchemy.engine.Engine - INFO - [raw sql] ()
2026-06-19 03:54:34,323 - sqlalchemy.engine.Engine - INFO - PRAGMA main.table_info("pricing_data")
2026-06-19 03:54:34,323 - sqlalchemy.engine.Engine - INFO - [raw sql] ()
2026-06-19 03:54:34,323 - sqlalchemy.engine.Engine - INFO - PRAGMA main.table_info("renewable_data")
2026-06-19 03:54:34,323 - sqlalchemy.engine.Engine - INFO - [raw sql] ()
2026-06-19 03:54:34,324 - sqlalchemy.engine.Engine - INFO - 
DROP TABLE renewable_data
2026-06-19 03:54:34,324 - sqlalchemy.engine.Engine - INFO - [no key 0.00014s] ()
2026-06-19 03:54:34,328 - sqlalchemy.engine.Engine - INFO - 
DROP TABLE pricing_data
2026-06-19 03:54:34,328 - sqlalchemy.engine.Engine - INFO - [no key 0.00016s] ()
2026-06-19 03:54:34,332 - sqlalchemy.engine.Engine - INFO - 
DROP TABLE generation_data
2026-06-19 03:54:34,332 - sqlalchemy.engine.Engine - INFO - [no key 0.00016s] ()
2026-06-19 03:54:34,336 - sqlalchemy.engine.Engine - INFO - COMMIT
2026-06-19 03:54:34,336 - sqlalchemy.engine.Engine - INFO - BEGIN (implicit)
2026-06-19 03:54:34,337 - sqlalchemy.engine.Engine - INFO - PRAGMA main.table_info("generation_data")
2026-06-19 03:54:34,337 - sqlalchemy.engine.Engine - INFO - [raw sql] ()
2026-06-19 03:54:34,337 - sqlalchemy.engine.Engine - INFO - PRAGMA temp.table_info("generation_data")
2026-06-19 03:54:34,337 - sqlalchemy.engine.Engine - INFO - [raw sql] ()
2026-06-19 03:54:34,337 - sqlalchemy.engine.Engine - INFO - PRAGMA main.table_info("pricing_data")
2026-06-19 03:54:34,337 - sqlalchemy.engine.Engine - INFO - [raw sql] ()
2026-06-19 03:54:34,337 - sqlalchemy.engine.Engine - INFO - PRAGMA temp.table_info("pricing_data")
2026-06-19 03:54:34,337 - sqlalchemy.engine.Engine - INFO - [raw sql] ()
2026-06-19 03:54:34,338 - sqlalchemy.engine.Engine - INFO - PRAGMA main.table_info("renewable_data")
2026-06-19 03:54:34,338 - sqlalchemy.engine.Engine - INFO - [raw sql] ()
2026-06-19 03:54:34,338 - sqlalchemy.engine.Engine - INFO - PRAGMA temp.table_info("renewable_data")
2026-06-19 03:54:34,338 - sqlalchemy.engine.Engine - INFO - [raw sql] ()
2026-06-19 03:54:34,338 - sqlalchemy.engine.Engine - INFO - 
CREATE TABLE generation_data (
	id INTEGER NOT NULL, 
	date DATE NOT NULL, 
	region VARCHAR NOT NULL, 
	solar_capacity_mw FLOAT, 
	wind_capacity_mw FLOAT, 
	hydro_capacity_mw FLOAT, 
	fossil_capacity_mw FLOAT, 
	nuclear_capacity_mw FLOAT, 
	total_capacity_mw FLOAT, 
	created_at DATETIME, 
	updated_at DATETIME, 
	PRIMARY KEY (id)
)


2026-06-19 03:54:34,338 - sqlalchemy.engine.Engine - INFO - [no key 0.00011s] ()
2026-06-19 03:54:34,342 - sqlalchemy.engine.Engine - INFO - CREATE INDEX ix_generation_data_id ON generation_data (id)
2026-06-19 03:54:34,342 - sqlalchemy.engine.Engine - INFO - [no key 0.00012s] ()
2026-06-19 03:54:34,345 - sqlalchemy.engine.Engine - INFO - CREATE INDEX ix_generation_data_date ON generation_data (date)
2026-06-19 03:54:34,345 - sqlalchemy.engine.Engine - INFO - [no key 0.00012s] ()
2026-06-19 03:54:34,348 - sqlalchemy.engine.Engine - INFO - CREATE INDEX ix_generation_data_region ON generation_data (region)
2026-06-19 03:54:34,348 - sqlalchemy.engine.Engine - INFO - [no key 0.00021s] ()
2026-06-19 03:54:34,351 - sqlalchemy.engine.Engine - INFO - 
CREATE TABLE pricing_data (
	id INTEGER NOT NULL, 
	date DATE NOT NULL, 
	region VARCHAR NOT NULL, 
	price_per_mwh FLOAT NOT NULL, 
	created_at DATETIME, 
	updated_at DATETIME, 
	PRIMARY KEY (id)
)


2026-06-19 03:54:34,352 - sqlalchemy.engine.Engine - INFO - [no key 0.00012s] ()
2026-06-19 03:54:34,355 - sqlalchemy.engine.Engine - INFO - CREATE INDEX ix_pricing_data_date ON pricing_data (date)
2026-06-19 03:54:34,355 - sqlalchemy.engine.Engine - INFO - [no key 0.00015s] ()
2026-06-19 03:54:34,358 - sqlalchemy.engine.Engine - INFO - CREATE INDEX ix_pricing_data_id ON pricing_data (id)
2026-06-19 03:54:34,358 - sqlalchemy.engine.Engine - INFO - [no key 0.00013s] ()
2026-06-19 03:54:34,361 - sqlalchemy.engine.Engine - INFO - CREATE INDEX ix_pricing_data_region ON pricing_data (region)
2026-06-19 03:54:34,361 - sqlalchemy.engine.Engine - INFO - [no key 0.00012s] ()
2026-06-19 03:54:34,364 - sqlalchemy.engine.Engine - INFO - 
CREATE TABLE renewable_data (
	id INTEGER NOT NULL, 
	date DATE NOT NULL, 
	region VARCHAR NOT NULL, 
	renewable_percentage FLOAT NOT NULL, 
	renewable_capacity_mw FLOAT, 
	total_capacity_mw FLOAT, 
	created_at DATETIME, 
	updated_at DATETIME, 
	PRIMARY KEY (id)
)


2026-06-19 03:54:34,364 - sqlalchemy.engine.Engine - INFO - [no key 0.00017s] ()
2026-06-19 03:54:34,367 - sqlalchemy.engine.Engine - INFO - CREATE INDEX ix_renewable_data_date ON renewable_data (date)
2026-06-19 03:54:34,367 - sqlalchemy.engine.Engine - INFO - [no key 0.00012s] ()
2026-06-19 03:54:34,371 - sqlalchemy.engine.Engine - INFO - CREATE INDEX ix_renewable_data_region ON renewable_data (region)
2026-06-19 03:54:34,371 - sqlalchemy.engine.Engine - INFO - [no key 0.00013s] ()
2026-06-19 03:54:34,374 - sqlalchemy.engine.Engine - INFO - CREATE INDEX ix_renewable_data_id ON renewable_data (id)
2026-06-19 03:54:34,374 - sqlalchemy.engine.Engine - INFO - [no key 0.00012s] ()
2026-06-19 03:54:34,377 - sqlalchemy.engine.Engine - INFO - COMMIT
2026-06-19 03:54:34,381 - sqlalchemy.engine.Engine - INFO - BEGIN (implicit)
2026-06-19 03:54:34,382 - sqlalchemy.engine.Engine - INFO - SELECT renewable_data.id AS renewable_data_id, renewable_data.date AS renewable_data_date, renewable_data.region AS renewable_data_region, renewable_data.renewable_percentage AS renewable_data_renewable_percentage, renewable_data.renewable_capacity_mw AS renewable_data_renewable_capacity_mw, renewable_data.total_capacity_mw AS renewable_data_total_capacity_mw, renewable_data.created_at AS renewable_data_created_at, renewable_data.updated_at AS renewable_data_updated_at 
FROM renewable_data 
WHERE renewable_data.date >= ? ORDER BY renewable_data.date DESC
2026-06-19 03:54:34,383 - sqlalchemy.engine.Engine - INFO - [generated in 0.00023s] ('2026-06-18',)
2026-06-19 03:54:34,383 - sqlalchemy.engine.Engine - INFO - ROLLBACK
2026-06-19 03:54:34,385 - httpx - INFO - HTTP Request: GET http://testserver/api/renewables?days=1 "HTTP/1.1 404 Not Found"
2026-06-19 03:54:34,385 - sqlalchemy.engine.Engine - INFO - BEGIN (implicit)
2026-06-19 03:54:34,385 - sqlalchemy.engine.Engine - INFO - PRAGMA main.table_info("generation_data")
2026-06-19 03:54:34,386 - sqlalchemy.engine.Engine - INFO - [raw sql] ()
2026-06-19 03:54:34,386 - sqlalchemy.engine.Engine - INFO - PRAGMA main.table_info("pricing_data")
2026-06-19 03:54:34,386 - sqlalchemy.engine.Engine - INFO - [raw sql] ()
2026-06-19 03:54:34,386 - sqlalchemy.engine.Engine - INFO - PRAGMA main.table_info("renewable_data")
2026-06-19 03:54:34,386 - sqlalchemy.engine.Engine - INFO - [raw sql] ()
2026-06-19 03:54:34,386 - sqlalchemy.engine.Engine - INFO - 
DROP TABLE renewable_data
2026-06-19 03:54:34,386 - sqlalchemy.engine.Engine - INFO - [no key 0.00008s] ()
2026-06-19 03:54:34,390 - sqlalchemy.engine.Engine - INFO - 
DROP TABLE pricing_data
2026-06-19 03:54:34,390 - sqlalchemy.engine.Engine - INFO - [no key 0.00014s] ()
2026-06-19 03:54:34,394 - sqlalchemy.engine.Engine - INFO - 
DROP TABLE generation_data
2026-06-19 03:54:34,394 - sqlalchemy.engine.Engine - INFO - [no key 0.00016s] ()
2026-06-19 03:54:34,397 - sqlalchemy.engine.Engine - INFO - COMMIT
2026-06-19 03:54:34,398 - sqlalchemy.engine.Engine - INFO - BEGIN (implicit)
2026-06-19 03:54:34,398 - sqlalchemy.engine.Engine - INFO - PRAGMA main.table_info("generation_data")
2026-06-19 03:54:34,398 - sqlalchemy.engine.Engine - INFO - [raw sql] ()
2026-06-19 03:54:34,398 - sqlalchemy.engine.Engine - INFO - PRAGMA temp.table_info("generation_data")
2026-06-19 03:54:34,398 - sqlalchemy.engine.Engine - INFO - [raw sql] ()
2026-06-19 03:54:34,398 - sqlalchemy.engine.Engine - INFO - PRAGMA main.table_info("pricing_data")
2026-06-19 03:54:34,399 - sqlalchemy.engine.Engine - INFO - [raw sql] ()
2026-06-19 03:54:34,399 - sqlalchemy.engine.Engine - INFO - PRAGMA temp.table_info("pricing_data")
2026-06-19 03:54:34,399 - sqlalchemy.engine.Engine - INFO - [raw sql] ()
2026-06-19 03:54:34,399 - sqlalchemy.engine.Engine - INFO - PRAGMA main.table_info("renewable_data")
2026-06-19 03:54:34,399 - sqlalchemy.engine.Engine - INFO - [raw sql] ()
2026-06-19 03:54:34,399 - sqlalchemy.engine.Engine - INFO - PRAGMA temp.table_info("renewable_data")
2026-06-19 03:54:34,399 - sqlalchemy.engine.Engine - INFO - [raw sql] ()
2026-06-19 03:54:34,399 - sqlalchemy.engine.Engine - INFO - 
CREATE TABLE generation_data (
	id INTEGER NOT NULL, 
	date DATE NOT NULL, 
	region VARCHAR NOT NULL, 
	solar_capacity_mw FLOAT, 
	wind_capacity_mw FLOAT, 
	hydro_capacity_mw FLOAT, 
	fossil_capacity_mw FLOAT, 
	nuclear_capacity_mw FLOAT, 
	total_capacity_mw FLOAT, 
	created_at DATETIME, 
	updated_at DATETIME, 
	PRIMARY KEY (id)
)


2026-06-19 03:54:34,400 - sqlalchemy.engine.Engine - INFO - [no key 0.00010s] ()
2026-06-19 03:54:34,403 - sqlalchemy.engine.Engine - INFO - CREATE INDEX ix_generation_data_id ON generation_data (id)
2026-06-19 03:54:34,403 - sqlalchemy.engine.Engine - INFO - [no key 0.00014s] ()
2026-06-19 03:54:34,407 - sqlalchemy.engine.Engine - INFO - CREATE INDEX ix_generation_data_date ON generation_data (date)
2026-06-19 03:54:34,407 - sqlalchemy.engine.Engine - INFO - [no key 0.00025s] ()
2026-06-19 03:54:34,410 - sqlalchemy.engine.Engine - INFO - CREATE INDEX ix_generation_data_region ON generation_data (region)
2026-06-19 03:54:34,411 - sqlalchemy.engine.Engine - INFO - [no key 0.00017s] ()
2026-06-19 03:54:34,414 - sqlalchemy.engine.Engine - INFO - 
CREATE TABLE pricing_data (
	id INTEGER NOT NULL, 
	date DATE NOT NULL, 
	region VARCHAR NOT NULL, 
	price_per_mwh FLOAT NOT NULL, 
	created_at DATETIME, 
	updated_at DATETIME, 
	PRIMARY KEY (id)
)


2026-06-19 03:54:34,414 - sqlalchemy.engine.Engine - INFO - [no key 0.00015s] ()
2026-06-19 03:54:34,418 - sqlalchemy.engine.Engine - INFO - CREATE INDEX ix_pricing_data_date ON pricing_data (date)
2026-06-19 03:54:34,418 - sqlalchemy.engine.Engine - INFO - [no key 0.00024s] ()
2026-06-19 03:54:34,421 - sqlalchemy.engine.Engine - INFO - CREATE INDEX ix_pricing_data_id ON pricing_data (id)
2026-06-19 03:54:34,422 - sqlalchemy.engine.Engine - INFO - [no key 0.00018s] ()
2026-06-19 03:54:34,425 - sqlalchemy.engine.Engine - INFO - CREATE INDEX ix_pricing_data_region ON pricing_data (region)
2026-06-19 03:54:34,425 - sqlalchemy.engine.Engine - INFO - [no key 0.00018s] ()
2026-06-19 03:54:34,429 - sqlalchemy.engine.Engine - INFO - 
CREATE TABLE renewable_data (
	id INTEGER NOT NULL, 
	date DATE NOT NULL, 
	region VARCHAR NOT NULL, 
	renewable_percentage FLOAT NOT NULL, 
	renewable_capacity_mw FLOAT, 
	total_capacity_mw FLOAT, 
	created_at DATETIME, 
	updated_at DATETIME, 
	PRIMARY KEY (id)
)


2026-06-19 03:54:34,429 - sqlalchemy.engine.Engine - INFO - [no key 0.00014s] ()
2026-06-19 03:54:34,432 - sqlalchemy.engine.Engine - INFO - CREATE INDEX ix_renewable_data_date ON renewable_data (date)
2026-06-19 03:54:34,432 - sqlalchemy.engine.Engine - INFO - [no key 0.00012s] ()
2026-06-19 03:54:34,435 - sqlalchemy.engine.Engine - INFO - CREATE INDEX ix_renewable_data_region ON renewable_data (region)
2026-06-19 03:54:34,435 - sqlalchemy.engine.Engine - INFO - [no key 0.00014s] ()
2026-06-19 03:54:34,438 - sqlalchemy.engine.Engine - INFO - CREATE INDEX ix_renewable_data_id ON renewable_data (id)
2026-06-19 03:54:34,438 - sqlalchemy.engine.Engine - INFO - [no key 0.00014s] ()
2026-06-19 03:54:34,441 - sqlalchemy.engine.Engine - INFO - COMMIT
2026-06-19 03:54:34,445 - httpx - INFO - HTTP Request: GET http://testserver/api/renewables/2024/01/01 "HTTP/1.1 404 Not Found"
2026-06-19 03:54:34,445 - sqlalchemy.engine.Engine - INFO - BEGIN (implicit)
2026-06-19 03:54:34,446 - sqlalchemy.engine.Engine - INFO - PRAGMA main.table_info("generation_data")
2026-06-19 03:54:34,446 - sqlalchemy.engine.Engine - INFO - [raw sql] ()
2026-06-19 03:54:34,446 - sqlalchemy.engine.Engine - INFO - PRAGMA main.table_info("pricing_data")
2026-06-19 03:54:34,446 - sqlalchemy.engine.Engine - INFO - [raw sql] ()
2026-06-19 03:54:34,446 - sqlalchemy.engine.Engine - INFO - PRAGMA main.table_info("renewable_data")
2026-06-19 03:54:34,446 - sqlalchemy.engine.Engine - INFO - [raw sql] ()
2026-06-19 03:54:34,447 - sqlalchemy.engine.Engine - INFO - 
DROP TABLE renewable_data
2026-06-19 03:54:34,447 - sqlalchemy.engine.Engine - INFO - [no key 0.00021s] ()
2026-06-19 03:54:34,450 - sqlalchemy.engine.Engine - INFO - 
DROP TABLE pricing_data
2026-06-19 03:54:34,450 - sqlalchemy.engine.Engine - INFO - [no key 0.00013s] ()
2026-06-19 03:54:34,454 - sqlalchemy.engine.Engine - INFO - 
DROP TABLE generation_data
2026-06-19 03:54:34,454 - sqlalchemy.engine.Engine - INFO - [no key 0.00018s] ()
2026-06-19 03:54:34,458 - sqlalchemy.engine.Engine - INFO - COMMIT
2026-06-19 03:54:34,458 - sqlalchemy.engine.Engine - INFO - BEGIN (implicit)
2026-06-19 03:54:34,459 - sqlalchemy.engine.Engine - INFO - PRAGMA main.table_info("generation_data")
2026-06-19 03:54:34,459 - sqlalchemy.engine.Engine - INFO - [raw sql] ()
2026-06-19 03:54:34,459 - sqlalchemy.engine.Engine - INFO - PRAGMA temp.table_info("generation_data")
2026-06-19 03:54:34,459 - sqlalchemy.engine.Engine - INFO - [raw sql] ()
2026-06-19 03:54:34,459 - sqlalchemy.engine.Engine - INFO - PRAGMA main.table_info("pricing_data")
2026-06-19 03:54:34,459 - sqlalchemy.engine.Engine - INFO - [raw sql] ()
2026-06-19 03:54:34,459 - sqlalchemy.engine.Engine - INFO - PRAGMA temp.table_info("pricing_data")
2026-06-19 03:54:34,459 - sqlalchemy.engine.Engine - INFO - [raw sql] ()
2026-06-19 03:54:34,460 - sqlalchemy.engine.Engine - INFO - PRAGMA main.table_info("renewable_data")
2026-06-19 03:54:34,460 - sqlalchemy.engine.Engine - INFO - [raw sql] ()
2026-06-19 03:54:34,460 - sqlalchemy.engine.Engine - INFO - PRAGMA temp.table_info("renewable_data")
2026-06-19 03:54:34,460 - sqlalchemy.engine.Engine - INFO - [raw sql] ()
2026-06-19 03:54:34,460 - sqlalchemy.engine.Engine - INFO - 
CREATE TABLE generation_data (
	id INTEGER NOT NULL, 
	date DATE NOT NULL, 
	region VARCHAR NOT NULL, 
	solar_capacity_mw FLOAT, 
	wind_capacity_mw FLOAT, 
	hydro_capacity_mw FLOAT, 
	fossil_capacity_mw FLOAT, 
	nuclear_capacity_mw FLOAT, 
	total_capacity_mw FLOAT, 
	created_at DATETIME, 
	updated_at DATETIME, 
	PRIMARY KEY (id)
)


2026-06-19 03:54:34,460 - sqlalchemy.engine.Engine - INFO - [no key 0.00012s] ()
2026-06-19 03:54:34,463 - sqlalchemy.engine.Engine - INFO - CREATE INDEX ix_generation_data_id ON generation_data (id)
2026-06-19 03:54:34,464 - sqlalchemy.engine.Engine - INFO - [no key 0.00013s] ()
2026-06-19 03:54:34,466 - sqlalchemy.engine.Engine - INFO - CREATE INDEX ix_generation_data_date ON generation_data (date)
2026-06-19 03:54:34,467 - sqlalchemy.engine.Engine - INFO - [no key 0.00013s] ()
2026-06-19 03:54:34,470 - sqlalchemy.engine.Engine - INFO - CREATE INDEX ix_generation_data_region ON generation_data (region)
2026-06-19 03:54:34,470 - sqlalchemy.engine.Engine - INFO - [no key 0.00020s] ()
2026-06-19 03:54:34,473 - sqlalchemy.engine.Engine - INFO - 
CREATE TABLE pricing_data (
	id INTEGER NOT NULL, 
	date DATE NOT NULL, 
	region VARCHAR NOT NULL, 
	price_per_mwh FLOAT NOT NULL, 
	created_at DATETIME, 
	updated_at DATETIME, 
	PRIMARY KEY (id)
)


2026-06-19 03:54:34,473 - sqlalchemy.engine.Engine - INFO - [no key 0.00014s] ()
2026-06-19 03:54:34,477 - sqlalchemy.engine.Engine - INFO - CREATE INDEX ix_pricing_data_date ON pricing_data (date)
2026-06-19 03:54:34,477 - sqlalchemy.engine.Engine - INFO - [no key 0.00016s] ()
2026-06-19 03:54:34,480 - sqlalchemy.engine.Engine - INFO - CREATE INDEX ix_pricing_data_id ON pricing_data (id)
2026-06-19 03:54:34,481 - sqlalchemy.engine.Engine - INFO - [no key 0.00014s] ()
2026-06-19 03:54:34,484 - sqlalchemy.engine.Engine - INFO - CREATE INDEX ix_pricing_data_region ON pricing_data (region)
2026-06-19 03:54:34,484 - sqlalchemy.engine.Engine - INFO - [no key 0.00020s] ()
2026-06-19 03:54:34,488 - sqlalchemy.engine.Engine - INFO - 
CREATE TABLE renewable_data (
	id INTEGER NOT NULL, 
	date DATE NOT NULL, 
	region VARCHAR NOT NULL, 
	renewable_percentage FLOAT NOT NULL, 
	renewable_capacity_mw FLOAT, 
	total_capacity_mw FLOAT, 
	created_at DATETIME, 
	updated_at DATETIME, 
	PRIMARY KEY (id)
)


2026-06-19 03:54:34,488 - sqlalchemy.engine.Engine - INFO - [no key 0.00022s] ()
2026-06-19 03:54:34,491 - sqlalchemy.engine.Engine - INFO - CREATE INDEX ix_renewable_data_date ON renewable_data (date)
2026-06-19 03:54:34,491 - sqlalchemy.engine.Engine - INFO - [no key 0.00018s] ()
2026-06-19 03:54:34,495 - sqlalchemy.engine.Engine - INFO - CREATE INDEX ix_renewable_data_region ON renewable_data (region)
2026-06-19 03:54:34,495 - sqlalchemy.engine.Engine - INFO - [no key 0.00014s] ()
2026-06-19 03:54:34,499 - sqlalchemy.engine.Engine - INFO - CREATE INDEX ix_renewable_data_id ON renewable_data (id)
2026-06-19 03:54:34,499 - sqlalchemy.engine.Engine - INFO - [no key 0.00019s] ()
2026-06-19 03:54:34,502 - sqlalchemy.engine.Engine - INFO - COMMIT
2026-06-19 03:54:34,506 - sqlalchemy.engine.Engine - INFO - BEGIN (implicit)
2026-06-19 03:54:34,507 - sqlalchemy.engine.Engine - INFO - SELECT generation_data.id AS generation_data_id, generation_data.date AS generation_data_date, generation_data.region AS generation_data_region, generation_data.solar_capacity_mw AS generation_data_solar_capacity_mw, generation_data.wind_capacity_mw AS generation_data_wind_capacity_mw, generation_data.hydro_capacity_mw AS generation_data_hydro_capacity_mw, generation_data.fossil_capacity_mw AS generation_data_fossil_capacity_mw, generation_data.nuclear_capacity_mw AS generation_data_nuclear_capacity_mw, generation_data.total_capacity_mw AS generation_data_total_capacity_mw, generation_data.created_at AS generation_data_created_at, generation_data.updated_at AS generation_data_updated_at 
FROM generation_data 
WHERE generation_data.date = ?
2026-06-19 03:54:34,507 - sqlalchemy.engine.Engine - INFO - [generated in 0.00023s] ('2026-06-19',)
2026-06-19 03:54:34,508 - sqlalchemy.engine.Engine - INFO - SELECT pricing_data.id AS pricing_data_id, pricing_data.date AS pricing_data_date, pricing_data.region AS pricing_data_region, pricing_data.price_per_mwh AS pricing_data_price_per_mwh, pricing_data.created_at AS pricing_data_created_at, pricing_data.updated_at AS pricing_data_updated_at 
FROM pricing_data 
WHERE pricing_data.date = ?
2026-06-19 03:54:34,508 - sqlalchemy.engine.Engine - INFO - [generated in 0.00026s] ('2026-06-19',)
2026-06-19 03:54:34,509 - sqlalchemy.engine.Engine - INFO - SELECT renewable_data.id AS renewable_data_id, renewable_data.date AS renewable_data_date, renewable_data.region AS renewable_data_region, renewable_data.renewable_percentage AS renewable_data_renewable_percentage, renewable_data.renewable_capacity_mw AS renewable_data_renewable_capacity_mw, renewable_data.total_capacity_mw AS renewable_data_total_capacity_mw, renewable_data.created_at AS renewable_data_created_at, renewable_data.updated_at AS renewable_data_updated_at 
FROM renewable_data 
WHERE renewable_data.date = ?
2026-06-19 03:54:34,509 - sqlalchemy.engine.Engine - INFO - [generated in 0.00017s] ('2026-06-19',)
2026-06-19 03:54:34,510 - sqlalchemy.engine.Engine - INFO - ROLLBACK
2026-06-19 03:54:34,511 - httpx - INFO - HTTP Request: GET http://testserver/api/summary "HTTP/1.1 404 Not Found"
2026-06-19 03:54:34,512 - sqlalchemy.engine.Engine - INFO - BEGIN (implicit)
2026-06-19 03:54:34,512 - sqlalchemy.engine.Engine - INFO - PRAGMA main.table_info("generation_data")
2026-06-19 03:54:34,512 - sqlalchemy.engine.Engine - INFO - [raw sql] ()
2026-06-19 03:54:34,513 - sqlalchemy.engine.Engine - INFO - PRAGMA main.table_info("pricing_data")
2026-06-19 03:54:34,513 - sqlalchemy.engine.Engine - INFO - [raw sql] ()
2026-06-19 03:54:34,513 - sqlalchemy.engine.Engine - INFO - PRAGMA main.table_info("renewable_data")
2026-06-19 03:54:34,513 - sqlalchemy.engine.Engine - INFO - [raw sql] ()
2026-06-19 03:54:34,513 - sqlalchemy.engine.Engine - INFO - 
DROP TABLE renewable_data
2026-06-19 03:54:34,513 - sqlalchemy.engine.Engine - INFO - [no key 0.00009s] ()
2026-06-19 03:54:34,517 - sqlalchemy.engine.Engine - INFO - 
DROP TABLE pricing_data
2026-06-19 03:54:34,517 - sqlalchemy.engine.Engine - INFO - [no key 0.00013s] ()
2026-06-19 03:54:34,521 - sqlalchemy.engine.Engine - INFO - 
DROP TABLE generation_data
2026-06-19 03:54:34,521 - sqlalchemy.engine.Engine - INFO - [no key 0.00023s] ()
2026-06-19 03:54:34,525 - sqlalchemy.engine.Engine - INFO - COMMIT
2026-06-19 03:54:34,526 - sqlalchemy.engine.Engine - INFO - BEGIN (implicit)
2026-06-19 03:54:34,526 - sqlalchemy.engine.Engine - INFO - PRAGMA main.table_info("generation_data")
2026-06-19 03:54:34,526 - sqlalchemy.engine.Engine - INFO - [raw sql] ()
2026-06-19 03:54:34,527 - sqlalchemy.engine.Engine - INFO - PRAGMA temp.table_info("generation_data")
2026-06-19 03:54:34,527 - sqlalchemy.engine.Engine - INFO - [raw sql] ()
2026-06-19 03:54:34,527 - sqlalchemy.engine.Engine - INFO - PRAGMA main.table_info("pricing_data")
2026-06-19 03:54:34,527 - sqlalchemy.engine.Engine - INFO - [raw sql] ()
2026-06-19 03:54:34,528 - sqlalchemy.engine.Engine - INFO - PRAGMA temp.table_info("pricing_data")
2026-06-19 03:54:34,528 - sqlalchemy.engine.Engine - INFO - [raw sql] ()
2026-06-19 03:54:34,528 - sqlalchemy.engine.Engine - INFO - PRAGMA main.table_info("renewable_data")
2026-06-19 03:54:34,528 - sqlalchemy.engine.Engine - INFO - [raw sql] ()
2026-06-19 03:54:34,528 - sqlalchemy.engine.Engine - INFO - PRAGMA temp.table_info("renewable_data")
2026-06-19 03:54:34,528 - sqlalchemy.engine.Engine - INFO - [raw sql] ()
2026-06-19 03:54:34,529 - sqlalchemy.engine.Engine - INFO - 
CREATE TABLE generation_data (
	id INTEGER NOT NULL, 
	date DATE NOT NULL, 
	region VARCHAR NOT NULL, 
	solar_capacity_mw FLOAT, 
	wind_capacity_mw FLOAT, 
	hydro_capacity_mw FLOAT, 
	fossil_capacity_mw FLOAT, 
	nuclear_capacity_mw FLOAT, 
	total_capacity_mw FLOAT, 
	created_at DATETIME, 
	updated_at DATETIME, 
	PRIMARY KEY (id)
)


2026-06-19 03:54:34,529 - sqlalchemy.engine.Engine - INFO - [no key 0.00017s] ()
2026-06-19 03:54:34,533 - sqlalchemy.engine.Engine - INFO - CREATE INDEX ix_generation_data_id ON generation_data (id)
2026-06-19 03:54:34,533 - sqlalchemy.engine.Engine - INFO - [no key 0.00014s] ()
2026-06-19 03:54:34,536 - sqlalchemy.engine.Engine - INFO - CREATE INDEX ix_generation_data_date ON generation_data (date)
2026-06-19 03:54:34,537 - sqlalchemy.engine.Engine - INFO - [no key 0.00018s] ()
2026-06-19 03:54:34,540 - sqlalchemy.engine.Engine - INFO - CREATE INDEX ix_generation_data_region ON generation_data (region)
2026-06-19 03:54:34,540 - sqlalchemy.engine.Engine - INFO - [no key 0.00013s] ()
2026-06-19 03:54:34,543 - sqlalchemy.engine.Engine - INFO - 
CREATE TABLE pricing_data (
	id INTEGER NOT NULL, 
	date DATE NOT NULL, 
	region VARCHAR NOT NULL, 
	price_per_mwh FLOAT NOT NULL, 
	created_at DATETIME, 
	updated_at DATETIME, 
	PRIMARY KEY (id)
)


2026-06-19 03:54:34,543 - sqlalchemy.engine.Engine - INFO - [no key 0.00013s] ()
2026-06-19 03:54:34,546 - sqlalchemy.engine.Engine - INFO - CREATE INDEX ix_pricing_data_date ON pricing_data (date)
2026-06-19 03:54:34,546 - sqlalchemy.engine.Engine - INFO - [no key 0.00012s] ()
2026-06-19 03:54:34,549 - sqlalchemy.engine.Engine - INFO - CREATE INDEX ix_pricing_data_id ON pricing_data (id)
2026-06-19 03:54:34,549 - sqlalchemy.engine.Engine - INFO - [no key 0.00012s] ()
2026-06-19 03:54:34,552 - sqlalchemy.engine.Engine - INFO - CREATE INDEX ix_pricing_data_region ON pricing_data (region)
2026-06-19 03:54:34,552 - sqlalchemy.engine.Engine - INFO - [no key 0.00018s] ()
2026-06-19 03:54:34,555 - sqlalchemy.engine.Engine - INFO - 
CREATE TABLE renewable_data (
	id INTEGER NOT NULL, 
	date DATE NOT NULL, 
	region VARCHAR NOT NULL, 
	renewable_percentage FLOAT NOT NULL, 
	renewable_capacity_mw FLOAT, 
	total_capacity_mw FLOAT, 
	created_at DATETIME, 
	updated_at DATETIME, 
	PRIMARY KEY (id)
)


2026-06-19 03:54:34,555 - sqlalchemy.engine.Engine - INFO - [no key 0.00013s] ()
2026-06-19 03:54:34,558 - sqlalchemy.engine.Engine - INFO - CREATE INDEX ix_renewable_data_date ON renewable_data (date)
2026-06-19 03:54:34,558 - sqlalchemy.engine.Engine - INFO - [no key 0.00018s] ()
2026-06-19 03:54:34,561 - sqlalchemy.engine.Engine - INFO - CREATE INDEX ix_renewable_data_region ON renewable_data (region)
2026-06-19 03:54:34,561 - sqlalchemy.engine.Engine - INFO - [no key 0.00013s] ()
2026-06-19 03:54:34,564 - sqlalchemy.engine.Engine - INFO - CREATE INDEX ix_renewable_data_id ON renewable_data (id)
2026-06-19 03:54:34,564 - sqlalchemy.engine.Engine - INFO - [no key 0.00012s] ()
2026-06-19 03:54:34,567 - sqlalchemy.engine.Engine - INFO - COMMIT
2026-06-19 03:54:34,570 - httpx - INFO - HTTP Request: GET http://testserver/ "HTTP/1.1 200 OK"
2026-06-19 03:54:34,571 - sqlalchemy.engine.Engine - INFO - BEGIN (implicit)
2026-06-19 03:54:34,571 - sqlalchemy.engine.Engine - INFO - PRAGMA main.table_info("generation_data")
2026-06-19 03:54:34,571 - sqlalchemy.engine.Engine - INFO - [raw sql] ()
2026-06-19 03:54:34,571 - sqlalchemy.engine.Engine - INFO - PRAGMA main.table_info("pricing_data")
2026-06-19 03:54:34,572 - sqlalchemy.engine.Engine - INFO - [raw sql] ()
2026-06-19 03:54:34,572 - sqlalchemy.engine.Engine - INFO - PRAGMA main.table_info("renewable_data")
2026-06-19 03:54:34,572 - sqlalchemy.engine.Engine - INFO - [raw sql] ()
2026-06-19 03:54:34,572 - sqlalchemy.engine.Engine - INFO - 
DROP TABLE renewable_data
2026-06-19 03:54:34,572 - sqlalchemy.engine.Engine - INFO - [no key 0.00013s] ()
2026-06-19 03:54:34,575 - sqlalchemy.engine.Engine - INFO - 
DROP TABLE pricing_data
2026-06-19 03:54:34,576 - sqlalchemy.engine.Engine - INFO - [no key 0.00014s] ()
2026-06-19 03:54:34,579 - sqlalchemy.engine.Engine - INFO - 
DROP TABLE generation_data
2026-06-19 03:54:34,580 - sqlalchemy.engine.Engine - INFO - [no key 0.00015s] ()
2026-06-19 03:54:34,583 - sqlalchemy.engine.Engine - INFO - COMMIT
2026-06-19 03:54:39,889 - sqlalchemy.engine.Engine - INFO - BEGIN (implicit)
2026-06-19 03:54:39,889 - sqlalchemy.engine.Engine - INFO - PRAGMA main.table_info("generation_data")
2026-06-19 03:54:39,889 - sqlalchemy.engine.Engine - INFO - [raw sql] ()
2026-06-19 03:54:39,890 - sqlalchemy.engine.Engine - INFO - PRAGMA temp.table_info("generation_data")
2026-06-19 03:54:39,890 - sqlalchemy.engine.Engine - INFO - [raw sql] ()
2026-06-19 03:54:39,890 - sqlalchemy.engine.Engine - INFO - PRAGMA main.table_info("pricing_data")
2026-06-19 03:54:39,890 - sqlalchemy.engine.Engine - INFO - [raw sql] ()
2026-06-19 03:54:39,890 - sqlalchemy.engine.Engine - INFO - PRAGMA temp.table_info("pricing_data")
2026-06-19 03:54:39,890 - sqlalchemy.engine.Engine - INFO - [raw sql] ()
2026-06-19 03:54:39,890 - sqlalchemy.engine.Engine - INFO - PRAGMA main.table_info("renewable_data")
2026-06-19 03:54:39,890 - sqlalchemy.engine.Engine - INFO - [raw sql] ()
2026-06-19 03:54:39,890 - sqlalchemy.engine.Engine - INFO - PRAGMA temp.table_info("renewable_data")
2026-06-19 03:54:39,891 - sqlalchemy.engine.Engine - INFO - [raw sql] ()
2026-06-19 03:54:39,891 - sqlalchemy.engine.Engine - INFO - 
CREATE TABLE generation_data (
	id INTEGER NOT NULL, 
	date DATE NOT NULL, 
	region VARCHAR NOT NULL, 
	solar_capacity_mw FLOAT, 
	wind_capacity_mw FLOAT, 
	hydro_capacity_mw FLOAT, 
	fossil_capacity_mw FLOAT, 
	nuclear_capacity_mw FLOAT, 
	total_capacity_mw FLOAT, 
	created_at DATETIME, 
	updated_at DATETIME, 
	PRIMARY KEY (id)
)


2026-06-19 03:54:39,891 - sqlalchemy.engine.Engine - INFO - [no key 0.00011s] ()
2026-06-19 03:54:40,127 - sqlalchemy.engine.Engine - INFO - CREATE INDEX ix_generation_data_id ON generation_data (id)
2026-06-19 03:54:40,128 - sqlalchemy.engine.Engine - INFO - [no key 0.00030s] ()
2026-06-19 03:54:40,131 - sqlalchemy.engine.Engine - INFO - CREATE INDEX ix_generation_data_date ON generation_data (date)
2026-06-19 03:54:40,132 - sqlalchemy.engine.Engine - INFO - [no key 0.00017s] ()
2026-06-19 03:54:40,135 - sqlalchemy.engine.Engine - INFO - CREATE INDEX ix_generation_data_region ON generation_data (region)
2026-06-19 03:54:40,135 - sqlalchemy.engine.Engine - INFO - [no key 0.00013s] ()
2026-06-19 03:54:40,138 - sqlalchemy.engine.Engine - INFO - 
CREATE TABLE pricing_data (
	id INTEGER NOT NULL, 
	date DATE NOT NULL, 
	region VARCHAR NOT NULL, 
	price_per_mwh FLOAT NOT NULL, 
	created_at DATETIME, 
	updated_at DATETIME, 
	PRIMARY KEY (id)
)


2026-06-19 03:54:40,138 - sqlalchemy.engine.Engine - INFO - [no key 0.00011s] ()
2026-06-19 03:54:40,142 - sqlalchemy.engine.Engine - INFO - CREATE INDEX ix_pricing_data_date ON pricing_data (date)
2026-06-19 03:54:40,142 - sqlalchemy.engine.Engine - INFO - [no key 0.00011s] ()
2026-06-19 03:54:40,145 - sqlalchemy.engine.Engine - INFO - CREATE INDEX ix_pricing_data_region ON pricing_data (region)
2026-06-19 03:54:40,145 - sqlalchemy.engine.Engine - INFO - [no key 0.00010s] ()
2026-06-19 03:54:40,148 - sqlalchemy.engine.Engine - INFO - CREATE INDEX ix_pricing_data_id ON pricing_data (id)
2026-06-19 03:54:40,148 - sqlalchemy.engine.Engine - INFO - [no key 0.00012s] ()
2026-06-19 03:54:40,152 - sqlalchemy.engine.Engine - INFO - 
CREATE TABLE renewable_data (
	id INTEGER NOT NULL, 
	date DATE NOT NULL, 
	region VARCHAR NOT NULL, 
	renewable_percentage FLOAT NOT NULL, 
	renewable_capacity_mw FLOAT, 
	total_capacity_mw FLOAT, 
	created_at DATETIME, 
	updated_at DATETIME, 
	PRIMARY KEY (id)
)


2026-06-19 03:54:40,152 - sqlalchemy.engine.Engine - INFO - [no key 0.00010s] ()
2026-06-19 03:54:40,155 - sqlalchemy.engine.Engine - INFO - CREATE INDEX ix_renewable_data_date ON renewable_data (date)
2026-06-19 03:54:40,155 - sqlalchemy.engine.Engine - INFO - [no key 0.00010s] ()
2026-06-19 03:54:40,158 - sqlalchemy.engine.Engine - INFO - CREATE INDEX ix_renewable_data_region ON renewable_data (region)
2026-06-19 03:54:40,158 - sqlalchemy.engine.Engine - INFO - [no key 0.00011s] ()
2026-06-19 03:54:40,161 - sqlalchemy.engine.Engine - INFO - CREATE INDEX ix_renewable_data_id ON renewable_data (id)
2026-06-19 03:54:40,162 - sqlalchemy.engine.Engine - INFO - [no key 0.00009s] ()
2026-06-19 03:54:40,164 - sqlalchemy.engine.Engine - INFO - COMMIT
2026-06-19 03:54:40,165 - root - INFO - Database tables created
2026-06-19 03:54:40,168 - apscheduler.scheduler - INFO - Adding job tentatively -- it will be properly scheduled when the scheduler starts
2026-06-19 03:54:40,168 - apscheduler.scheduler - INFO - Added job "start_daily_update" to job store "default"
2026-06-19 03:54:40,168 - apscheduler.scheduler - INFO - Scheduler started
2026-06-19 03:54:40,169 - root - INFO - Scheduler started - Daily update at 00:00 UTC
2026-06-19 03:54:44,180 - apscheduler.scheduler - INFO - Scheduler has been shut down
2026-06-19 03:54:44,181 - root - INFO - Scheduler shutdown
